// Jest Snapshot v1, https://goo.gl/fbAQLP

exports[`should render ExpenseListList with expense 1`] = `
<div>
  <Link
    to="/edit/undefined"
  >
    <h3>
      Expense: undefined
    </h3>
  </Link>
  <p>
    Amount: undefined - CreatedAt: undefined
  </p>
</div>
`;
